// Jest Snapshot v1, https://goo.gl/fbAQLP

exports[`MainContent renders correctly 1`] = `
<div
  class="MuiContainer-root MuiContainer-maxWidthLg"
  data-testid="MainContent"
>
  <div
    class="MuiBox-root MuiBox-root-1"
  >
    <div
      data-testid="children"
    />
  </div>
</div>
`;
