// Jest Snapshot v1, https://goo.gl/fbAQLP

exports[`Routes loading renders correctly 1`] = `Loading...`;
