// Jest Snapshot v1, https://goo.gl/fbAQLP

exports[`ErrorBoundary when error is thrown renders correctly 1`] = `
<h1>
  Something went wrong
</h1>
`;
