// Jest Snapshot v1, https://goo.gl/fbAQLP

exports[`UserMenu renders correctly 1`] = `
<div
  class="MuiBox-root MuiBox-root-1"
  data-testid="UserMenu"
>
  <button
    aria-controls="user-menu"
    aria-haspopup="true"
    class="MuiButtonBase-root MuiIconButton-root"
    data-testid="UserMenu__iconButton"
    tabindex="0"
    type="button"
  >
    <span
      class="MuiIconButton-label"
    >
      <div
        class="MuiAvatar-root MuiAvatar-circular"
      >
        <img
          class="MuiAvatar-img"
          src="https://via.placeholder.com/150"
        />
      </div>
    </span>
    <span
      class="MuiTouchRipple-root"
    />
  </button>
</div>
`;

exports[`UserMenu when icon button is clicked renders user menu 1`] = `
<div
  class="MuiPopover-root"
  data-testid="UserMenu__menu"
  id="user-menu"
  role="presentation"
  style="position: fixed; z-index: 1300; right: 0px; bottom: 0px; top: 0px; left: 0px;"
>
  <div
    aria-hidden="true"
    style="z-index: -1; position: fixed; right: 0px; bottom: 0px; top: 0px; left: 0px; background-color: transparent;"
  />
  <div
    data-test="sentinelStart"
    tabindex="0"
  />
  <div
    class="MuiPaper-root MuiMenu-paper MuiPopover-paper MuiPaper-elevation8 MuiPaper-rounded"
    style="opacity: 1; transform: scale(1, 1); transition: opacity 0ms cubic-bezier(0.4, 0, 0.2, 1) 0ms,transform 0ms cubic-bezier(0.4, 0, 0.2, 1) 0ms; top: 16px; left: 16px; transform-origin: -16px -16px;"
    tabindex="-1"
  >
    <ul
      class="MuiList-root MuiMenu-list MuiList-padding"
      role="menu"
      tabindex="-1"
    >
      <a
        aria-disabled="false"
        class="MuiButtonBase-root MuiListItem-root MuiMenuItem-root MuiMenuItem-gutters MuiListItem-gutters MuiListItem-button Mui-focusVisible Mui-focusVisible"
        data-testid="UserMenu__settings"
        href="/settings"
        role="menuitem"
        tabindex="0"
      >
        Settings
        <span
          class="MuiTouchRipple-root"
        />
      </a>
      <li
        aria-disabled="false"
        class="MuiButtonBase-root MuiListItem-root MuiMenuItem-root MuiMenuItem-gutters MuiListItem-gutters MuiListItem-button"
        data-testid="UserMenu__signOut"
        role="menuitem"
        tabindex="-1"
      >
        Sign out
        <span
          class="MuiTouchRipple-root"
        />
      </li>
    </ul>
  </div>
  <div
    data-test="sentinelEnd"
    tabindex="0"
  />
</div>
`;
